// Jest Snapshot v1, https://goo.gl/fbAQLP

exports[`Home component Test Rendering continents 1`] = `
Object {
  "asFragment": [Function],
  "baseElement": <body>
    <div>
      <div
        class="globeDetails"
      >
        <svg
          class="globe"
          enable-background="new 0 0 48 48"
          fill="currentColor"
          height="1em"
          stroke="currentColor"
          stroke-width="0"
          version="1"
          viewBox="0 0 48 48"
          width="1em"
          xmlns="http://www.w3.org/2000/svg"
        >
          <path
            d="M24,4C13,4,4,13,4,24s9,20,20,20s20-9,20-20S35,4,24,4z"
            fill="#7CB342"
          />
          <path
            d="M45,24c0,11.7-9.5,21-21,21S3,35.7,3,24S12.3,3,24,3S45,12.3,45,24z M23.8,33.7c0-0.4-0.2-0.6-0.6-0.8 c-1.3-0.4-2.5-0.4-3.6-1.5c-0.2-0.4-0.2-0.8-0.4-1.3c-0.4-0.4-1.5-0.6-2.1-0.8c-0.8,0-1.7,0-2.7,0c-0.4,0-1.1,0-1.5,0 c-0.6-0.2-1.1-1.1-1.5-1.7c0-0.2,0-0.6-0.4-0.6c-0.4-0.2-0.8,0.2-1.3,0c-0.2-0.2-0.2-0.4-0.2-0.6c0-0.6,0.4-1.3,0.8-1.7 c0.6-0.4,1.3,0.2,1.9,0.2c0.2,0,0.2,0,0.4,0.2c0.6,0.2,0.8,1,0.8,1.7c0,0.2,0,0.4,0,0.4c0,0.2,0.2,0.2,0.4,0.2 c0.2-1.1,0.2-2.1,0.4-3.2c0-1.3,1.3-2.5,2.3-2.9c0.4-0.2,0.6,0.2,1.1,0c1.3-0.4,4.4-1.7,3.8-3.4c-0.4-1.5-1.7-2.9-3.4-2.7 c-0.4,0.2-0.6,0.4-1,0.6c-0.6,0.4-1.9,1.7-2.5,1.7c-1.1-0.2-1.1-1.7-0.8-2.3c0.2-0.8,2.1-3.6,3.4-3.1c0.2,0.2,0.6,0.6,0.8,0.8 c0.4,0.2,1.1,0.2,1.7,0.2c0.2,0,0.4,0,0.6-0.2c0.2-0.2,0.2-0.2,0.2-0.4c0-0.6-0.6-1.3-1-1.7c-0.4-0.4-1.1-0.8-1.7-1.1 c-2.1-0.6-5.5,0.2-7.1,1.7s-2.9,4-3.8,6.1c-0.4,1.3-0.8,2.9-1,4.4c-0.2,1-0.4,1.9,0.2,2.9c0.6,1.3,1.9,2.5,3.2,3.4 c0.8,0.6,2.5,0.6,3.4,1.7c0.6,0.8,0.4,1.9,0.4,2.9c0,1.3,0.8,2.3,1.3,3.4c0.2,0.6,0.4,1.5,0.6,2.1c0,0.2,0.2,1.5,0.2,1.7 c1.3,0.6,2.3,1.3,3.8,1.7c0.2,0,1-1.3,1-1.5c0.6-0.6,1.1-1.5,1.7-1.9c0.4-0.2,0.8-0.4,1.3-0.8c0.4-0.4,0.6-1.3,0.8-1.9 C23.8,35.1,24,34.3,23.8,33.7z M24.2,14.3c0.2,0,0.4-0.2,0.8-0.4c0.6-0.4,1.3-1.1,1.9-1.5c0.6-0.4,1.3-1.1,1.7-1.5 c0.6-0.4,1.1-1.3,1.3-1.9c0.2-0.4,0.8-1.3,0.6-1.9c-0.2-0.4-1.3-0.6-1.7-0.8c-1.7-0.4-3.1-0.6-4.8-0.6c-0.6,0-1.5,0.2-1.7,0.8 c-0.2,1.1,0.6,0.8,1.5,1.1c0,0,0.2,1.7,0.2,1.9c0.2,1-0.4,1.7-0.4,2.7c0,0.6,0,1.7,0.4,2.1L24.2,14.3z M41.8,29 c0.2-0.4,0.2-1.1,0.4-1.5c0.2-1,0.2-2.1,0.2-3.1c0-2.1-0.2-4.2-0.8-6.1c-0.4-0.6-0.6-1.3-0.8-1.9c-0.4-1.1-1-2.1-1.9-2.9 c-0.8-1.1-1.9-4-3.8-3.1c-0.6,0.2-1,1-1.5,1.5c-0.4,0.6-0.8,1.3-1.3,1.9c-0.2,0.2-0.4,0.6-0.2,0.8c0,0.2,0.2,0.2,0.4,0.2 c0.4,0.2,0.6,0.2,1,0.4c0.2,0,0.4,0.2,0.2,0.4c0,0,0,0.2-0.2,0.2c-1,1.1-2.1,1.9-3.1,2.9c-0.2,0.2-0.4,0.6-0.4,0.8 c0,0.2,0.2,0.2,0.2,0.4c0,0.2-0.2,0.2-0.4,0.4c-0.4,0.2-0.8,0.4-1.1,0.6c-0.2,0.4,0,1.1-0.2,1.5c-0.2,1.1-0.8,1.9-1.3,2.9 c-0.4,0.6-0.6,1.3-1,1.9c0,0.8-0.2,1.5,0.2,2.1c1,1.5,2.9,0.6,4.4,1.3c0.4,0.2,0.8,0.2,1.1,0.6c0.6,0.6,0.6,1.7,0.8,2.3 c0.2,0.8,0.4,1.7,0.8,2.5c0.2,1,0.6,2.1,0.8,2.9c1.9-1.5,3.6-3.1,4.8-5.2C40.6,32.4,41.2,30.7,41.8,29z"
            fill="#0277BD"
          />
        </svg>
        <div
          class="count"
        >
          <span>
            Total Cases: 0
          </span>
          <span>
            Total Deaths: 0
          </span>
        </div>
      </div>
      <form
        class="form"
      >
        <div
          class="search-bar"
        >
          <svg
            fill="currentColor"
            height="1em"
            stroke="currentColor"
            stroke-width="0"
            viewBox="0 0 512 512"
            width="1em"
            xmlns="http://www.w3.org/2000/svg"
          >
            <path
              d="M505.04 442.66l-99.71-99.69c-4.5-4.5-10.6-7-17-7h-16.3c27.6-35.3 44-79.69 44-127.99C416.03 93.09 322.92 0 208.02 0S0 93.09 0 207.98s93.11 207.98 208.02 207.98c48.3 0 92.71-16.4 128.01-44v16.3c0 6.4 2.5 12.5 7 17l99.71 99.69c9.4 9.4 24.6 9.4 33.9 0l28.3-28.3c9.4-9.4 9.4-24.59.1-33.99zm-297.02-90.7c-79.54 0-144-64.34-144-143.98 0-79.53 64.35-143.98 144-143.98 79.54 0 144 64.34 144 143.98 0 79.53-64.35 143.98-144 143.98zm.02-239.96c-40.78 0-73.84 33.05-73.84 73.83 0 32.96 48.26 93.05 66.75 114.86a9.24 9.24 0 0 0 14.18 0c18.49-21.81 66.75-81.89 66.75-114.86 0-40.78-33.06-73.83-73.84-73.83zm0 96c-13.26 0-24-10.75-24-24 0-13.26 10.75-24 24-24s24 10.74 24 24c0 13.25-10.75 24-24 24z"
            />
          </svg>
          <div>
            <input
              class="input-area"
              placeholder="Search Here"
              type="text"
              value=""
            />
          </div>
        </div>
      </form>
      <ul
        class="continentContainer"
      >
        <li
          class="continent-card"
        >
          <a
            class="continentElement"
            data-testid="continentItem"
            href="/Asia"
          >
            <svg
              class="arrowButton"
              fill="currentColor"
              height="1em"
              stroke="currentColor"
              stroke-width="0"
              viewBox="0 0 16 16"
              width="1em"
              xmlns="http://www.w3.org/2000/svg"
            >
              <path
                d="M0 8a8 8 0 1 0 16 0A8 8 0 0 0 0 8zm5.904 2.803a.5.5 0 1 1-.707-.707L9.293 6H6.525a.5.5 0 1 1 0-1H10.5a.5.5 0 0 1 .5.5v3.975a.5.5 0 0 1-1 0V6.707l-4.096 4.096z"
              />
            </svg>
            <img
              alt="continent map"
              class="continentImage"
              src="Asia.png"
            />
            <div
              class="continentText"
            >
              <h4
                class=""
              >
                <span
                  class=""
                >
                  Asia
                </span>
              </h4>
              <span
                class=""
              >
                11,111
              </span>
            </div>
          </a>
        </li>
        <li
          class="continent-card"
        >
          <a
            class="continentElement"
            data-testid="continentItem"
            href="/Africa"
          >
            <svg
              class="arrowButton"
              fill="currentColor"
              height="1em"
              stroke="currentColor"
              stroke-width="0"
              viewBox="0 0 16 16"
              width="1em"
              xmlns="http://www.w3.org/2000/svg"
            >
              <path
                d="M0 8a8 8 0 1 0 16 0A8 8 0 0 0 0 8zm5.904 2.803a.5.5 0 1 1-.707-.707L9.293 6H6.525a.5.5 0 1 1 0-1H10.5a.5.5 0 0 1 .5.5v3.975a.5.5 0 0 1-1 0V6.707l-4.096 4.096z"
              />
            </svg>
            <img
              alt="continent map"
              class="continentImage"
              src="Africa.png"
            />
            <div
              class="continentText"
            >
              <h4
                class=""
              >
                <span
                  class=""
                >
                  Africa
                </span>
              </h4>
              <span
                class=""
              >
                22,222
              </span>
            </div>
          </a>
        </li>
        <li
          class="continent-card"
        >
          <a
            class="continentElement"
            data-testid="continentItem"
            href="/Europe"
          >
            <svg
              class="arrowButton"
              fill="currentColor"
              height="1em"
              stroke="currentColor"
              stroke-width="0"
              viewBox="0 0 16 16"
              width="1em"
              xmlns="http://www.w3.org/2000/svg"
            >
              <path
                d="M0 8a8 8 0 1 0 16 0A8 8 0 0 0 0 8zm5.904 2.803a.5.5 0 1 1-.707-.707L9.293 6H6.525a.5.5 0 1 1 0-1H10.5a.5.5 0 0 1 .5.5v3.975a.5.5 0 0 1-1 0V6.707l-4.096 4.096z"
              />
            </svg>
            <img
              alt="continent map"
              class="continentImage"
              src="Europe.png"
            />
            <div
              class="continentText"
            >
              <h4
                class=""
              >
                <span
                  class=""
                >
                  Europe
                </span>
              </h4>
              <span
                class=""
              >
                33,333
              </span>
            </div>
          </a>
        </li>
        <li
          class="continent-card"
        >
          <a
            class="continentElement"
            data-testid="continentItem"
            href="/Australia-Oceania"
          >
            <svg
              class="arrowButton"
              fill="currentColor"
              height="1em"
              stroke="currentColor"
              stroke-width="0"
              viewBox="0 0 16 16"
              width="1em"
              xmlns="http://www.w3.org/2000/svg"
            >
              <path
                d="M0 8a8 8 0 1 0 16 0A8 8 0 0 0 0 8zm5.904 2.803a.5.5 0 1 1-.707-.707L9.293 6H6.525a.5.5 0 1 1 0-1H10.5a.5.5 0 0 1 .5.5v3.975a.5.5 0 0 1-1 0V6.707l-4.096 4.096z"
              />
            </svg>
            <img
              alt="continent map"
              class="continentImage"
              src="Australia-Oceania.png"
            />
            <div
              class="continentText"
            >
              <h4
                class=""
              >
                <span
                  class=""
                >
                  Australia-Oceania
                </span>
              </h4>
              <span
                class=""
              >
                44,444
              </span>
            </div>
          </a>
        </li>
        <li
          class="continent-card"
        >
          <a
            class="continentElement"
            data-testid="continentItem"
            href="/North America"
          >
            <svg
              class="arrowButton"
              fill="currentColor"
              height="1em"
              stroke="currentColor"
              stroke-width="0"
              viewBox="0 0 16 16"
              width="1em"
              xmlns="http://www.w3.org/2000/svg"
            >
              <path
                d="M0 8a8 8 0 1 0 16 0A8 8 0 0 0 0 8zm5.904 2.803a.5.5 0 1 1-.707-.707L9.293 6H6.525a.5.5 0 1 1 0-1H10.5a.5.5 0 0 1 .5.5v3.975a.5.5 0 0 1-1 0V6.707l-4.096 4.096z"
              />
            </svg>
            <img
              alt="continent map"
              class="continentImage"
              src="North America.png"
            />
            <div
              class="continentText"
            >
              <h4
                class=""
              >
                <span
                  class=""
                >
                  North America
                </span>
              </h4>
              <span
                class=""
              >
                55,555
              </span>
            </div>
          </a>
        </li>
        <li
          class="continent-card"
        >
          <a
            class="continentElement"
            data-testid="continentItem"
            href="/South America"
          >
            <svg
              class="arrowButton"
              fill="currentColor"
              height="1em"
              stroke="currentColor"
              stroke-width="0"
              viewBox="0 0 16 16"
              width="1em"
              xmlns="http://www.w3.org/2000/svg"
            >
              <path
                d="M0 8a8 8 0 1 0 16 0A8 8 0 0 0 0 8zm5.904 2.803a.5.5 0 1 1-.707-.707L9.293 6H6.525a.5.5 0 1 1 0-1H10.5a.5.5 0 0 1 .5.5v3.975a.5.5 0 0 1-1 0V6.707l-4.096 4.096z"
              />
            </svg>
            <img
              alt="continent map"
              class="continentImage"
              src="South America.png"
            />
            <div
              class="continentText"
            >
              <h4
                class=""
              >
                <span
                  class=""
                >
                  South America
                </span>
              </h4>
              <span
                class=""
              >
                66,666
              </span>
            </div>
          </a>
        </li>
      </ul>
    </div>
  </body>,
  "container": <div>
    <div
      class="globeDetails"
    >
      <svg
        class="globe"
        enable-background="new 0 0 48 48"
        fill="currentColor"
        height="1em"
        stroke="currentColor"
        stroke-width="0"
        version="1"
        viewBox="0 0 48 48"
        width="1em"
        xmlns="http://www.w3.org/2000/svg"
      >
        <path
          d="M24,4C13,4,4,13,4,24s9,20,20,20s20-9,20-20S35,4,24,4z"
          fill="#7CB342"
        />
        <path
          d="M45,24c0,11.7-9.5,21-21,21S3,35.7,3,24S12.3,3,24,3S45,12.3,45,24z M23.8,33.7c0-0.4-0.2-0.6-0.6-0.8 c-1.3-0.4-2.5-0.4-3.6-1.5c-0.2-0.4-0.2-0.8-0.4-1.3c-0.4-0.4-1.5-0.6-2.1-0.8c-0.8,0-1.7,0-2.7,0c-0.4,0-1.1,0-1.5,0 c-0.6-0.2-1.1-1.1-1.5-1.7c0-0.2,0-0.6-0.4-0.6c-0.4-0.2-0.8,0.2-1.3,0c-0.2-0.2-0.2-0.4-0.2-0.6c0-0.6,0.4-1.3,0.8-1.7 c0.6-0.4,1.3,0.2,1.9,0.2c0.2,0,0.2,0,0.4,0.2c0.6,0.2,0.8,1,0.8,1.7c0,0.2,0,0.4,0,0.4c0,0.2,0.2,0.2,0.4,0.2 c0.2-1.1,0.2-2.1,0.4-3.2c0-1.3,1.3-2.5,2.3-2.9c0.4-0.2,0.6,0.2,1.1,0c1.3-0.4,4.4-1.7,3.8-3.4c-0.4-1.5-1.7-2.9-3.4-2.7 c-0.4,0.2-0.6,0.4-1,0.6c-0.6,0.4-1.9,1.7-2.5,1.7c-1.1-0.2-1.1-1.7-0.8-2.3c0.2-0.8,2.1-3.6,3.4-3.1c0.2,0.2,0.6,0.6,0.8,0.8 c0.4,0.2,1.1,0.2,1.7,0.2c0.2,0,0.4,0,0.6-0.2c0.2-0.2,0.2-0.2,0.2-0.4c0-0.6-0.6-1.3-1-1.7c-0.4-0.4-1.1-0.8-1.7-1.1 c-2.1-0.6-5.5,0.2-7.1,1.7s-2.9,4-3.8,6.1c-0.4,1.3-0.8,2.9-1,4.4c-0.2,1-0.4,1.9,0.2,2.9c0.6,1.3,1.9,2.5,3.2,3.4 c0.8,0.6,2.5,0.6,3.4,1.7c0.6,0.8,0.4,1.9,0.4,2.9c0,1.3,0.8,2.3,1.3,3.4c0.2,0.6,0.4,1.5,0.6,2.1c0,0.2,0.2,1.5,0.2,1.7 c1.3,0.6,2.3,1.3,3.8,1.7c0.2,0,1-1.3,1-1.5c0.6-0.6,1.1-1.5,1.7-1.9c0.4-0.2,0.8-0.4,1.3-0.8c0.4-0.4,0.6-1.3,0.8-1.9 C23.8,35.1,24,34.3,23.8,33.7z M24.2,14.3c0.2,0,0.4-0.2,0.8-0.4c0.6-0.4,1.3-1.1,1.9-1.5c0.6-0.4,1.3-1.1,1.7-1.5 c0.6-0.4,1.1-1.3,1.3-1.9c0.2-0.4,0.8-1.3,0.6-1.9c-0.2-0.4-1.3-0.6-1.7-0.8c-1.7-0.4-3.1-0.6-4.8-0.6c-0.6,0-1.5,0.2-1.7,0.8 c-0.2,1.1,0.6,0.8,1.5,1.1c0,0,0.2,1.7,0.2,1.9c0.2,1-0.4,1.7-0.4,2.7c0,0.6,0,1.7,0.4,2.1L24.2,14.3z M41.8,29 c0.2-0.4,0.2-1.1,0.4-1.5c0.2-1,0.2-2.1,0.2-3.1c0-2.1-0.2-4.2-0.8-6.1c-0.4-0.6-0.6-1.3-0.8-1.9c-0.4-1.1-1-2.1-1.9-2.9 c-0.8-1.1-1.9-4-3.8-3.1c-0.6,0.2-1,1-1.5,1.5c-0.4,0.6-0.8,1.3-1.3,1.9c-0.2,0.2-0.4,0.6-0.2,0.8c0,0.2,0.2,0.2,0.4,0.2 c0.4,0.2,0.6,0.2,1,0.4c0.2,0,0.4,0.2,0.2,0.4c0,0,0,0.2-0.2,0.2c-1,1.1-2.1,1.9-3.1,2.9c-0.2,0.2-0.4,0.6-0.4,0.8 c0,0.2,0.2,0.2,0.2,0.4c0,0.2-0.2,0.2-0.4,0.4c-0.4,0.2-0.8,0.4-1.1,0.6c-0.2,0.4,0,1.1-0.2,1.5c-0.2,1.1-0.8,1.9-1.3,2.9 c-0.4,0.6-0.6,1.3-1,1.9c0,0.8-0.2,1.5,0.2,2.1c1,1.5,2.9,0.6,4.4,1.3c0.4,0.2,0.8,0.2,1.1,0.6c0.6,0.6,0.6,1.7,0.8,2.3 c0.2,0.8,0.4,1.7,0.8,2.5c0.2,1,0.6,2.1,0.8,2.9c1.9-1.5,3.6-3.1,4.8-5.2C40.6,32.4,41.2,30.7,41.8,29z"
          fill="#0277BD"
        />
      </svg>
      <div
        class="count"
      >
        <span>
          Total Cases: 0
        </span>
        <span>
          Total Deaths: 0
        </span>
      </div>
    </div>
    <form
      class="form"
    >
      <div
        class="search-bar"
      >
        <svg
          fill="currentColor"
          height="1em"
          stroke="currentColor"
          stroke-width="0"
          viewBox="0 0 512 512"
          width="1em"
          xmlns="http://www.w3.org/2000/svg"
        >
          <path
            d="M505.04 442.66l-99.71-99.69c-4.5-4.5-10.6-7-17-7h-16.3c27.6-35.3 44-79.69 44-127.99C416.03 93.09 322.92 0 208.02 0S0 93.09 0 207.98s93.11 207.98 208.02 207.98c48.3 0 92.71-16.4 128.01-44v16.3c0 6.4 2.5 12.5 7 17l99.71 99.69c9.4 9.4 24.6 9.4 33.9 0l28.3-28.3c9.4-9.4 9.4-24.59.1-33.99zm-297.02-90.7c-79.54 0-144-64.34-144-143.98 0-79.53 64.35-143.98 144-143.98 79.54 0 144 64.34 144 143.98 0 79.53-64.35 143.98-144 143.98zm.02-239.96c-40.78 0-73.84 33.05-73.84 73.83 0 32.96 48.26 93.05 66.75 114.86a9.24 9.24 0 0 0 14.18 0c18.49-21.81 66.75-81.89 66.75-114.86 0-40.78-33.06-73.83-73.84-73.83zm0 96c-13.26 0-24-10.75-24-24 0-13.26 10.75-24 24-24s24 10.74 24 24c0 13.25-10.75 24-24 24z"
          />
        </svg>
        <div>
          <input
            class="input-area"
            placeholder="Search Here"
            type="text"
            value=""
          />
        </div>
      </div>
    </form>
    <ul
      class="continentContainer"
    >
      <li
        class="continent-card"
      >
        <a
          class="continentElement"
          data-testid="continentItem"
          href="/Asia"
        >
          <svg
            class="arrowButton"
            fill="currentColor"
            height="1em"
            stroke="currentColor"
            stroke-width="0"
            viewBox="0 0 16 16"
            width="1em"
            xmlns="http://www.w3.org/2000/svg"
          >
            <path
              d="M0 8a8 8 0 1 0 16 0A8 8 0 0 0 0 8zm5.904 2.803a.5.5 0 1 1-.707-.707L9.293 6H6.525a.5.5 0 1 1 0-1H10.5a.5.5 0 0 1 .5.5v3.975a.5.5 0 0 1-1 0V6.707l-4.096 4.096z"
            />
          </svg>
          <img
            alt="continent map"
            class="continentImage"
            src="Asia.png"
          />
          <div
            class="continentText"
          >
            <h4
              class=""
            >
              <span
                class=""
              >
                Asia
              </span>
            </h4>
            <span
              class=""
            >
              11,111
            </span>
          </div>
        </a>
      </li>
      <li
        class="continent-card"
      >
        <a
          class="continentElement"
          data-testid="continentItem"
          href="/Africa"
        >
          <svg
            class="arrowButton"
            fill="currentColor"
            height="1em"
            stroke="currentColor"
            stroke-width="0"
            viewBox="0 0 16 16"
            width="1em"
            xmlns="http://www.w3.org/2000/svg"
          >
            <path
              d="M0 8a8 8 0 1 0 16 0A8 8 0 0 0 0 8zm5.904 2.803a.5.5 0 1 1-.707-.707L9.293 6H6.525a.5.5 0 1 1 0-1H10.5a.5.5 0 0 1 .5.5v3.975a.5.5 0 0 1-1 0V6.707l-4.096 4.096z"
            />
          </svg>
          <img
            alt="continent map"
            class="continentImage"
            src="Africa.png"
          />
          <div
            class="continentText"
          >
            <h4
              class=""
            >
              <span
                class=""
              >
                Africa
              </span>
            </h4>
            <span
              class=""
            >
              22,222
            </span>
          </div>
        </a>
      </li>
      <li
        class="continent-card"
      >
        <a
          class="continentElement"
          data-testid="continentItem"
          href="/Europe"
        >
          <svg
            class="arrowButton"
            fill="currentColor"
            height="1em"
            stroke="currentColor"
            stroke-width="0"
            viewBox="0 0 16 16"
            width="1em"
            xmlns="http://www.w3.org/2000/svg"
          >
            <path
              d="M0 8a8 8 0 1 0 16 0A8 8 0 0 0 0 8zm5.904 2.803a.5.5 0 1 1-.707-.707L9.293 6H6.525a.5.5 0 1 1 0-1H10.5a.5.5 0 0 1 .5.5v3.975a.5.5 0 0 1-1 0V6.707l-4.096 4.096z"
            />
          </svg>
          <img
            alt="continent map"
            class="continentImage"
            src="Europe.png"
          />
          <div
            class="continentText"
          >
            <h4
              class=""
            >
              <span
                class=""
              >
                Europe
              </span>
            </h4>
            <span
              class=""
            >
              33,333
            </span>
          </div>
        </a>
      </li>
      <li
        class="continent-card"
      >
        <a
          class="continentElement"
          data-testid="continentItem"
          href="/Australia-Oceania"
        >
          <svg
            class="arrowButton"
            fill="currentColor"
            height="1em"
            stroke="currentColor"
            stroke-width="0"
            viewBox="0 0 16 16"
            width="1em"
            xmlns="http://www.w3.org/2000/svg"
          >
            <path
              d="M0 8a8 8 0 1 0 16 0A8 8 0 0 0 0 8zm5.904 2.803a.5.5 0 1 1-.707-.707L9.293 6H6.525a.5.5 0 1 1 0-1H10.5a.5.5 0 0 1 .5.5v3.975a.5.5 0 0 1-1 0V6.707l-4.096 4.096z"
            />
          </svg>
          <img
            alt="continent map"
            class="continentImage"
            src="Australia-Oceania.png"
          />
          <div
            class="continentText"
          >
            <h4
              class=""
            >
              <span
                class=""
              >
                Australia-Oceania
              </span>
            </h4>
            <span
              class=""
            >
              44,444
            </span>
          </div>
        </a>
      </li>
      <li
        class="continent-card"
      >
        <a
          class="continentElement"
          data-testid="continentItem"
          href="/North America"
        >
          <svg
            class="arrowButton"
            fill="currentColor"
            height="1em"
            stroke="currentColor"
            stroke-width="0"
            viewBox="0 0 16 16"
            width="1em"
            xmlns="http://www.w3.org/2000/svg"
          >
            <path
              d="M0 8a8 8 0 1 0 16 0A8 8 0 0 0 0 8zm5.904 2.803a.5.5 0 1 1-.707-.707L9.293 6H6.525a.5.5 0 1 1 0-1H10.5a.5.5 0 0 1 .5.5v3.975a.5.5 0 0 1-1 0V6.707l-4.096 4.096z"
            />
          </svg>
          <img
            alt="continent map"
            class="continentImage"
            src="North America.png"
          />
          <div
            class="continentText"
          >
            <h4
              class=""
            >
              <span
                class=""
              >
                North America
              </span>
            </h4>
            <span
              class=""
            >
              55,555
            </span>
          </div>
        </a>
      </li>
      <li
        class="continent-card"
      >
        <a
          class="continentElement"
          data-testid="continentItem"
          href="/South America"
        >
          <svg
            class="arrowButton"
            fill="currentColor"
            height="1em"
            stroke="currentColor"
            stroke-width="0"
            viewBox="0 0 16 16"
            width="1em"
            xmlns="http://www.w3.org/2000/svg"
          >
            <path
              d="M0 8a8 8 0 1 0 16 0A8 8 0 0 0 0 8zm5.904 2.803a.5.5 0 1 1-.707-.707L9.293 6H6.525a.5.5 0 1 1 0-1H10.5a.5.5 0 0 1 .5.5v3.975a.5.5 0 0 1-1 0V6.707l-4.096 4.096z"
            />
          </svg>
          <img
            alt="continent map"
            class="continentImage"
            src="South America.png"
          />
          <div
            class="continentText"
          >
            <h4
              class=""
            >
              <span
                class=""
              >
                South America
              </span>
            </h4>
            <span
              class=""
            >
              66,666
            </span>
          </div>
        </a>
      </li>
    </ul>
  </div>,
  "debug": [Function],
  "findAllByAltText": [Function],
  "findAllByDisplayValue": [Function],
  "findAllByLabelText": [Function],
  "findAllByPlaceholderText": [Function],
  "findAllByRole": [Function],
  "findAllByTestId": [Function],
  "findAllByText": [Function],
  "findAllByTitle": [Function],
  "findByAltText": [Function],
  "findByDisplayValue": [Function],
  "findByLabelText": [Function],
  "findByPlaceholderText": [Function],
  "findByRole": [Function],
  "findByTestId": [Function],
  "findByText": [Function],
  "findByTitle": [Function],
  "getAllByAltText": [Function],
  "getAllByDisplayValue": [Function],
  "getAllByLabelText": [Function],
  "getAllByPlaceholderText": [Function],
  "getAllByRole": [Function],
  "getAllByTestId": [Function],
  "getAllByText": [Function],
  "getAllByTitle": [Function],
  "getByAltText": [Function],
  "getByDisplayValue": [Function],
  "getByLabelText": [Function],
  "getByPlaceholderText": [Function],
  "getByRole": [Function],
  "getByTestId": [Function],
  "getByText": [Function],
  "getByTitle": [Function],
  "queryAllByAltText": [Function],
  "queryAllByDisplayValue": [Function],
  "queryAllByLabelText": [Function],
  "queryAllByPlaceholderText": [Function],
  "queryAllByRole": [Function],
  "queryAllByTestId": [Function],
  "queryAllByText": [Function],
  "queryAllByTitle": [Function],
  "queryByAltText": [Function],
  "queryByDisplayValue": [Function],
  "queryByLabelText": [Function],
  "queryByPlaceholderText": [Function],
  "queryByRole": [Function],
  "queryByTestId": [Function],
  "queryByText": [Function],
  "queryByTitle": [Function],
  "rerender": [Function],
  "unmount": [Function],
}
`;
